Copyright 1986-2018 Xilinx, Inc. All Rights Reserved.
----------------------------------------------------------------------------------------
| Tool Version : Vivado v.2018.2 (win64) Build 2258646 Thu Jun 14 20:03:12 MDT 2018
| Date         : Mon Mar 27 13:19:34 2023
| Host         : ShansLappie running 64-bit major release  (build 9200)
| Command      : report_control_sets -verbose -file Top_Student_control_sets_placed.rpt
| Design       : Top_Student
| Device       : xc7a35t
----------------------------------------------------------------------------------------

Control Set Information

Table of Contents
-----------------
1. Summary
2. Histogram
3. Flip-Flop Distribution
4. Detailed Control Set Information

1. Summary
----------

+----------------------------------------------------------+-------+
|                          Status                          | Count |
+----------------------------------------------------------+-------+
| Number of unique control sets                            |    38 |
| Unused register locations in slices containing registers |    60 |
+----------------------------------------------------------+-------+


2. Histogram
------------

+--------+--------------+
| Fanout | Control Sets |
+--------+--------------+
|      2 |            3 |
|      8 |            6 |
|     14 |            2 |
|    16+ |           27 |
+--------+--------------+


3. Flip-Flop Distribution
-------------------------

+--------------+-----------------------+------------------------+-----------------+--------------+
| Clock Enable | Synchronous Set/Reset | Asynchronous Set/Reset | Total Registers | Total Slices |
+--------------+-----------------------+------------------------+-----------------+--------------+
| No           | No                    | No                     |             336 |           70 |
| No           | No                    | Yes                    |               0 |            0 |
| No           | Yes                   | No                     |             544 |           72 |
| Yes          | No                    | No                     |             276 |           39 |
| Yes          | No                    | Yes                    |               0 |            0 |
| Yes          | Yes                   | No                     |              88 |           14 |
+--------------+-----------------------+------------------------+-----------------+--------------+


4. Detailed Control Set Information
-----------------------------------

+---------------------+------------------------------------------------------+------------------------------------------------------+------------------+----------------+
|     Clock Signal    |                     Enable Signal                    |                   Set/Reset Signal                   | Slice Load Count | Bel Load Count |
+---------------------+------------------------------------------------------+------------------------------------------------------+------------------+----------------+
|  lvl/clk1/clk_out   |                                                      |                                                      |                1 |              2 |
|  clock_IBUF_BUFG    | ds/p_1_in                                            | ds/dp_i_1_n_0                                        |                1 |              2 |
| ~clk6p25m_BUFG      |                                                      |                                                      |                1 |              2 |
|  ds/clk200hz/CLK    |                                                      |                                                      |                1 |              8 |
|  lvl/clk1/clk_out   | lvl/volume0                                          |                                                      |                1 |              8 |
|  clock_IBUF_BUFG    | mouse/Inst_Ps2Interface/y_overflow_reg               |                                                      |                1 |              8 |
|  clock_IBUF_BUFG    |                                                      | mouse/Inst_Ps2Interface/clk_inter0                   |                1 |              8 |
|  clock_IBUF_BUFG    |                                                      | mouse/Inst_Ps2Interface/data_inter0                  |                1 |              8 |
|  clock_IBUF_BUFG    | mouse/Inst_Ps2Interface/shift_frame                  | mouse/Inst_Ps2Interface/reset_bit_count              |                2 |              8 |
|  clock_IBUF_BUFG    | lvl/E[0]                                             | ds/seg[6]_i_1_n_0                                    |                2 |             14 |
|  clock_IBUF_BUFG    | mouse/Inst_Ps2Interface/delay_63clk_count[6]_i_2_n_0 | mouse/Inst_Ps2Interface/delay_63clk_count[6]_i_1_n_0 |                2 |             14 |
|  clock_IBUF_BUFG    | mouse/Inst_Ps2Interface/load_rx_data                 |                                                      |                2 |             16 |
|  clock_IBUF_BUFG    | mouse/Inst_Ps2Interface/y_inc_reg[0]                 |                                                      |                4 |             16 |
|  clock_IBUF_BUFG    | mouse/Inst_Ps2Interface/x_inc_reg[0]                 |                                                      |                1 |             16 |
|  clock_IBUF_BUFG    | mouse/write_data                                     |                                                      |                4 |             16 |
|  lvl/led[0][0]      |                                                      |                                                      |                3 |             18 |
|  clock_IBUF_BUFG    | mouse/Inst_Ps2Interface/frame[9]_i_1_n_0             |                                                      |                2 |             20 |
|  clock_IBUF_BUFG    | mouse/Inst_Ps2Interface/delay_20us_count[10]_i_2_n_0 | mouse/Inst_Ps2Interface/delay_20us_count[10]_i_1_n_0 |                3 |             22 |
|  lvl/clk1/clk_out   |                                                      | lvl/count_sample[12]_i_1_n_0                         |                3 |             24 |
|  lvl/clk1/clk_out   | lvl/max_mic0                                         |                                                      |                2 |             24 |
|  clk20k/CLK         |                                                      |                                                      |                4 |             24 |
|  clock_IBUF_BUFG    |                                                      | clk20k/CLK                                           |                3 |             24 |
|  clock_IBUF_BUFG    | mouse/x_new_reg_n_0                                  |                                                      |                5 |             24 |
|  clock_IBUF_BUFG    | mouse/y_new_reg_n_0                                  |                                                      |                3 |             24 |
| ~ai/J_MIC_Pin4_OBUF |                                                      |                                                      |                2 |             24 |
|  clk2/count_6_25MHz |                                                      |                                                      |                7 |             26 |
|  clock_IBUF_BUFG    | mouse/Inst_Ps2Interface/delay_100us_count[0]_i_2_n_0 | mouse/Inst_Ps2Interface/clear                        |                4 |             28 |
| ~clk6p25m_BUFG      |                                                      | oled/frame_counter[16]_i_1_n_0                       |                5 |             34 |
| ~clk6p25m_BUFG      | oled/delay[0]_i_1_n_0                                |                                                      |                5 |             40 |
|  clock_IBUF_BUFG    |                                                      | mouse/reset_timeout_cnt_reg_n_0                      |                6 |             48 |
|  clock_IBUF_BUFG    |                                                      | mouse/reset_periodic_check_cnt__0                    |                6 |             52 |
| ~clk6p25m_BUFG      | oled/state                                           |                                                      |                9 |             64 |
|  clock_IBUF_BUFG    |                                                      | lvl/clk1/clear                                       |                8 |             64 |
|  clock_IBUF_BUFG    |                                                      | clk2/clear                                           |                8 |             64 |
|  clock_IBUF_BUFG    |                                                      | clk20k/clear                                         |                8 |             64 |
|  clock_IBUF_BUFG    |                                                      | ds/clk200hz/clear                                    |                8 |             64 |
| ~clk6p25m_BUFG      |                                                      | oled/spi_word[39]_i_1_n_0                            |               15 |             90 |
|  clock_IBUF_BUFG    |                                                      |                                                      |               51 |            232 |
+---------------------+------------------------------------------------------+------------------------------------------------------+------------------+----------------+


